---
source: crates/tyx-tiptap-typst/src/tests.rs
expression: conv(world)
input_file: crates/tyx-tiptap-typst/src/fixtures/integration/figure_image.typ
---
{
 "type": "doc",
 "content": [
  {
   "type": "plain",
   "content": ""
  }
 ]
}
