---
source: crates/tyx-tiptap-typst/src/tests.rs
expression: conv(world)
input_file: crates/tyx-tiptap-typst/src/fixtures/integration/link2.typ
---
{
 "type": "doc",
 "content": [
  {
   "type": "paragraph",
   "content": [
    {
     "type": "mark",
     "type": "link",
     "content": [
      {
       "type": "text",
       "content": [
        {
         "type": "plain",
         "content": "Content"
        }
       ]
      }
     ],
     "class": null,
     "href": "https://example.com"
    }
   ],
   "dir": null
  }
 ]
}
