---
source: crates/tyx-import-typst/src/tests.rs
expression: conv(world)
input_file: crates/tyx-import-typst/src/fixtures/integration/base.typ
---
{
 "root": {
  "type": "root",
  "version": 1,
  "children": [
   {
    "type": "heading",
    "version": 1,
    "children": [
     {
      "type": "text",
      "version": 1,
      "detail": 0,
      "format": 0,
      "mode": "normal",
      "style": "",
      "text": "Hello, World!"
     }
    ],
    "direction": null,
    "format": "",
    "indent": 0,
    "tag": "h2"
   },
   {
    "type": "paragraph",
    "version": 1,
    "children": [
     {
      "type": "text",
      "version": 1,
      "detail": 0,
      "format": 0,
      "mode": "normal",
      "style": "",
      "text": "This is a typst document."
     }
    ],
    "direction": null,
    "format": "",
    "indent": 0
   }
  ],
  "direction": null,
  "format": "",
  "indent": 0
 }
}
