---
source: crates/tyx-import-typst/src/tests.rs
expression: conv(world)
input_file: crates/tyx-import-typst/src/fixtures/integration/link.typ
---
{
 "root": {
  "type": "root",
  "version": 1,
  "children": [
   {
    "type": "paragraph",
    "version": 1,
    "children": [
     {
      "type": "link",
      "version": 1,
      "children": [
       {
        "type": "text",
        "version": 1,
        "detail": 0,
        "format": 0,
        "mode": "normal",
        "style": "",
        "text": "https://example.com"
       }
      ],
      "direction": null,
      "format": "",
      "indent": 0,
      "url": "https://example.com"
     }
    ],
    "direction": null,
    "format": "",
    "indent": 0
   }
  ],
  "direction": null,
  "format": "",
  "indent": 0
 }
}
