---
source: crates/tyx-edit/src/tests.rs
description: "siphash128_13: 9409e073790867d3888c3a0f47fc51ed"
expression: jumps
input_file: crates/tyx-edit/src/fixtures/integration/base.typ
---

