---
source: crates/tyx-edit/src/tests.rs
description: "siphash128_13: 79b6c2afd5aaf8ebcc549a237dd359ed"
expression: result.into_bytes()
input_file: crates/tyx-edit/src/fixtures/integration/base.typ
extension: html
snapshot_kind: binary
---
