---
source: crates/tyx-tiptap-typst/src/tests.rs
expression: changed
input_file: crates/tyx-tiptap-typst/src/fixtures/instrument/base.typ
---
= Hello, World!
This is a typst document.
